
> my-project@0.1.0 build
> next build

Γû▓ Next.js 16.2.0 (Turbopack)
- Environments: .env.local

  Creating an optimized production build ...
node.exe : 
At line:1 char:1
+ & "C:\Program Files\nodejs/node.exe" "C:\Program 
Files\nodejs/node_mo ...
+ ~~~~~~~~~~~~~~~~~~~~~~~~~~~~~~~~~~~~~~~~~~~~~~~~~~~
~~~~~~~~~~~~~~~~~~
    + CategoryInfo          : NotSpecified: (:String 
   ) [], RemoteException
    + FullyQualifiedErrorId : NativeCommandError
 
> Build error occurred
Error: Turbopack build failed with 41 errors:
./node_modules/@google-cloud/storage/node_modules/goo
gle-auth-library/build/src/auth/googleauth.js:29:25
Module not found: Can't resolve 'child_process'
  [90m27 |[0m 
[33mObject[0m.defineProperty(exports, 
[32m"__esModule"[0m, { value: [36mtrue[0m });
  [90m28 |[0m exports.[33mGoogleAuth[0m = 
exports.[33mGoogleAuthExceptionMessages[0m = 
exports.[33mCLOUD_SDK_CLIENT_ID[0m = [36mv...[0m
[31m[1m>[0m [90m29 |[0m [36mconst[0m 
child_process_1 = require([32m"child_process"[0m);
  [90m   |[0m                         
[31m[1m^^^^^^^^^^^^^^^^^^^^^^^^[0m
  [90m30 |[0m [36mconst[0m fs = 
require([32m"fs"[0m);
  [90m31 |[0m [36mconst[0m gcpMetadata = 
require([32m"gcp-metadata"[0m);
  [90m32 |[0m [36mconst[0m os = 
require([32m"os"[0m);



Import traces:
  Server Component:
    ./node_modules/@google-cloud/storage/node_modules
/google-auth-library/build/src/auth/googleauth.js
    ./node_modules/@google-cloud/storage/node_modules
/google-auth-library/build/src/index.js
    ./node_modules/@google-cloud/storage/build/esm/sr
c/transfer-manager.js
    ./node_modules/@google-cloud/storage/build/esm/sr
c/index.js
    ./lib/actions/dashboard-actions.ts

  Client Component Browser:
    ./node_modules/@google-cloud/storage/node_modules
/google-auth-library/build/src/auth/googleauth.js 
[Client Component Browser]
    ./node_modules/@google-cloud/storage/node_modules
/google-auth-library/build/src/index.js [Client 
Component Browser]
    ./node_modules/@google-cloud/storage/build/cjs/sr
c/storage.js [Client Component Browser]
    ./node_modules/@google-cloud/storage/build/cjs/sr
c/index.js [Client Component Browser]
    
./node_modules/firebase-admin/lib/storage/storage.js 
[Client Component Browser]
    ./node_modules/firebase-admin/lib/app/firebase-na
mespace.js [Client Component Browser]
    ./node_modules/firebase-admin/lib/default-namespa
ce.js [Client Component Browser]
    ./node_modules/firebase-admin/lib/index.js 
[Client Component Browser]
    ./lib/firebase-admin.ts [Client Component 
Browser]
    ./lib/data.ts [Client Component Browser]
    ./components/layout/SearchInput.tsx [Client 
Component Browser]
    ./components/layout/Header.tsx [Client Component 
Browser]
    ./components/layout/Header.tsx [Server Component]
    ./app/category/[slug]/page.tsx [Server Component]

https://nextjs.org/docs/messages/module-not-found


./node_modules/@google-cloud/storage/node_modules/goo
gle-auth-library/build/src/auth/pluggable-auth-handle
r.js:19:22
Module not found: Can't resolve 'child_process'
  [90m17 |[0m [36mconst[0m 
pluggable_auth_client_1 = 
require([32m"./pluggable-auth-client"[0m);
  [90m18 |[0m [36mconst[0m executable_response_1 
= require([32m"./executable-response"[0m);
[31m[1m>[0m [90m19 |[0m [36mconst[0m 
childProcess = require([32m"child_process"[0m);
  [90m   |[0m                      
[31m[1m^^^^^^^^^^^^^^^^^^^^^^^^[0m
  [90m20 |[0m [36mconst[0m fs = 
require([32m"fs"[0m);
  [90m21 |[0m /**
  [90m22 |[0m  * [33mA[0m handler used to 
retrieve [35m3[0mrd party token responses 
[36mfrom[0m user defined



Import traces:
  #1 [Server Component]:
    ./node_modules/@google-cloud/storage/node_modules
/google-auth-library/build/src/auth/pluggable-auth-ha
ndler.js
    ./node_modules/@google-cloud/storage/node_modules
/google-auth-library/build/src/auth/googleauth.js
    ./node_modules/@google-cloud/storage/node_modules
/google-auth-library/build/src/index.js
    ./node_modules/@google-cloud/storage/build/esm/sr
c/transfer-manager.js
    ./node_modules/@google-cloud/storage/build/esm/sr
c/index.js
    ./lib/actions/dashboard-actions.ts

  #2 [Server Component]:
    ./node_modules/@google-cloud/storage/node_modules
/google-auth-library/build/src/auth/pluggable-auth-ha
ndler.js
    ./node_modules/@google-cloud/storage/node_modules
/google-auth-library/build/src/auth/pluggable-auth-cl
ient.js
    ./node_modules/@google-cloud/storage/node_modules
/google-auth-library/build/src/index.js
    ./node_modules/@google-cloud/storage/build/esm/sr
c/nodejs-common/util.js
    ./node_modules/@google-cloud/storage/build/esm/sr
c/index.js
    ./lib/actions/dashboard-actions.ts

  #3 [Client Component Browser]:
    ./node_modules/@google-cloud/storage/node_modules
/google-auth-library/build/src/auth/pluggable-auth-ha
ndler.js [Client Component Browser]
    ./node_modules/@google-cloud/storage/node_modules
/google-auth-library/build/src/auth/pluggable-auth-cl
ient.js [Client Component Browser]
    ./node_modules/@google-cloud/storage/node_modules
/google-auth-library/build/src/index.js [Client 
Component Browser]
    ./node_modules/@google-cloud/storage/build/cjs/sr
c/storage.js [Client Component Browser]
    ./node_modules/@google-cloud/storage/build/cjs/sr
c/index.js [Client Component Browser]
    
./node_modules/firebase-admin/lib/storage/storage.js 
[Client Component Browser]
    ./node_modules/firebase-admin/lib/app/firebase-na
mespace.js [Client Component Browser]
    ./node_modules/firebase-admin/lib/default-namespa
ce.js [Client Component Browser]
    ./node_modules/firebase-admin/lib/index.js 
[Client Component Browser]
    ./lib/firebase-admin.ts [Client Component 
Browser]
    ./lib/data.ts [Client Component Browser]
    ./components/layout/SearchInput.tsx [Client 
Component Browser]
    ./components/layout/Header.tsx [Client Component 
Browser]
    ./components/layout/Header.tsx [Server Component]
    ./app/category/[slug]/page.tsx [Server Component]

https://nextjs.org/docs/messages/module-not-found


./node_modules/google-auth-library/build/src/auth/goo
gleauth.js:17:25
Module not found: Can't resolve 'child_process'
  [90m15 |[0m 
[33mObject[0m.defineProperty(exports, 
[32m"__esModule"[0m, { value: [36mtrue[0m });
  [90m16 |[0m exports.[33mGoogleAuth[0m = 
exports.[33mGoogleAuthExceptionMessages[0m = 
[36mvoid[0m [35m0[0m;
[31m[1m>[0m [90m17 |[0m [36mconst[0m 
child_process_1 = require([32m"child_process"[0m);
  [90m   |[0m                         
[31m[1m^^^^^^^^^^^^^^^^^^^^^^^^[0m
  [90m18 |[0m [36mconst[0m fs = 
require([32m"fs"[0m);
  [90m19 |[0m [36mconst[0m gaxios_1 = 
require([32m"gaxios"[0m);
  [90m20 |[0m [36mconst[0m gcpMetadata = 
require([32m"gcp-metadata"[0m);



Import trace:
  Client Component Browser:
    ./node_modules/google-auth-library/build/src/auth
/googleauth.js [Client Component Browser]
    ./node_modules/google-auth-library/build/src/inde
x.js [Client Component Browser]
    ./node_modules/firebase-admin/lib/app/credential-
internal.js [Client Component Browser]
    ./node_modules/firebase-admin/lib/app/credential-
factory.js [Client Component Browser]
    ./node_modules/firebase-admin/lib/app/firebase-na
mespace.js [Client Component Browser]
    ./node_modules/firebase-admin/lib/default-namespa
ce.js [Client Component Browser]
    ./node_modules/firebase-admin/lib/index.js 
[Client Component Browser]
    ./lib/firebase-admin.ts [Client Component 
Browser]
    ./lib/data.ts [Client Component Browser]
    ./components/layout/SearchInput.tsx [Client 
Component Browser]
    ./components/layout/Header.tsx [Client Component 
Browser]
    ./components/layout/Header.tsx [Server Component]
    ./app/about/page.tsx [Server Component]

https://nextjs.org/docs/messages/module-not-found


./node_modules/google-auth-library/build/src/auth/plu
ggable-auth-handler.js:18:22
Module not found: Can't resolve 'child_process'
  [90m16 |[0m 
exports.[33mPluggableAuthHandler[0m = 
exports.[33mExecutableError[0m = [36mvoid[0m 
[35m0[0m;
  [90m17 |[0m [36mconst[0m executable_response_1 
= require([32m"./executable-response"[0m);
[31m[1m>[0m [90m18 |[0m [36mconst[0m 
childProcess = require([32m"child_process"[0m);
  [90m   |[0m                      
[31m[1m^^^^^^^^^^^^^^^^^^^^^^^^[0m
  [90m19 |[0m [36mconst[0m fs = 
require([32m"fs"[0m);
  [90m20 |[0m /**
  [90m21 |[0m  * [33mError[0m thrown 
[36mfrom[0m the executable run by 
[33mPluggableAuthClient[0m.



Import trace:
  Client Component Browser:
    ./node_modules/google-auth-library/build/src/auth
/pluggable-auth-handler.js [Client Component Browser]
    ./node_modules/google-auth-library/build/src/auth
/pluggable-auth-client.js [Client Component Browser]
    ./node_modules/google-auth-library/build/src/inde
x.js [Client Component Browser]
    ./node_modules/firebase-admin/lib/app/credential-
internal.js [Client Component Browser]
    ./node_modules/firebase-admin/lib/app/credential-
factory.js [Client Component Browser]
    ./node_modules/firebase-admin/lib/app/firebase-na
mespace.js [Client Component Browser]
    ./node_modules/firebase-admin/lib/default-namespa
ce.js [Client Component Browser]
    ./node_modules/firebase-admin/lib/index.js 
[Client Component Browser]
    ./lib/firebase-admin.ts [Client Component 
Browser]
    ./lib/data.ts [Client Component Browser]
    ./components/layout/SearchInput.tsx [Client 
Component Browser]
    ./components/layout/Header.tsx [Client Component 
Browser]
    ./components/layout/Header.tsx [Server Component]
    ./app/about/page.tsx [Server Component]

https://nextjs.org/docs/messages/module-not-found


./node_modules/google-gax/node_modules/google-auth-li
brary/build/src/auth/googleauth.js:29:25
Module not found: Can't resolve 'child_process'
  [90m27 |[0m 
[33mObject[0m.defineProperty(exports, 
[32m"__esModule"[0m, { value: [36mtrue[0m });
  [90m28 |[0m exports.[33mGoogleAuth[0m = 
exports.[33mGoogleAuthExceptionMessages[0m = 
exports.[33mCLOUD_SDK_CLIENT_ID[0m = [36mv...[0m
[31m[1m>[0m [90m29 |[0m [36mconst[0m 
child_process_1 = require([32m"child_process"[0m);
  [90m   |[0m                         
[31m[1m^^^^^^^^^^^^^^^^^^^^^^^^[0m
  [90m30 |[0m [36mconst[0m fs = 
require([32m"fs"[0m);
  [90m31 |[0m [36mconst[0m gcpMetadata = 
require([32m"gcp-metadata"[0m);
  [90m32 |[0m [36mconst[0m os = 
require([32m"os"[0m);



Import trace:
  Client Component Browser:
    ./node_modules/google-gax/node_modules/google-aut
h-library/build/src/auth/googleauth.js [Client 
Component Browser]
    ./node_modules/google-gax/node_modules/google-aut
h-library/build/src/index.js [Client Component 
Browser]
    ./node_modules/google-gax/build/src/fallback.js 
[Client Component Browser]
    ./node_modules/@google-cloud/firestore/build/src/
index.js [Client Component Browser]
    ./node_modules/firebase-admin/lib/app/firebase-na
mespace.js [Client Component Browser]
    ./node_modules/firebase-admin/lib/default-namespa
ce.js [Client Component Browser]
    ./node_modules/firebase-admin/lib/index.js 
[Client Component Browser]
    ./lib/firebase-admin.ts [Client Component 
Browser]
    ./lib/data.ts [Client Component Browser]
    ./components/layout/SearchInput.tsx [Client 
Component Browser]
    ./components/layout/Header.tsx [Client Component 
Browser]
    ./components/layout/Header.tsx [Server Component]
    ./app/terms/page.tsx [Server Component]

https://nextjs.org/docs/messages/module-not-found


./node_modules/google-gax/node_modules/google-auth-li
brary/build/src/auth/pluggable-auth-handler.js:19:22
Module not found: Can't resolve 'child_process'
  [90m17 |[0m [36mconst[0m 
pluggable_auth_client_1 = 
require([32m"./pluggable-auth-client"[0m);
  [90m18 |[0m [36mconst[0m executable_response_1 
= require([32m"./executable-response"[0m);
[31m[1m>[0m [90m19 |[0m [36mconst[0m 
childProcess = require([32m"child_process"[0m);
  [90m   |[0m                      
[31m[1m^^^^^^^^^^^^^^^^^^^^^^^^[0m
  [90m20 |[0m [36mconst[0m fs = 
require([32m"fs"[0m);
  [90m21 |[0m /**
  [90m22 |[0m  * [33mA[0m handler used to 
retrieve [35m3[0mrd party token responses 
[36mfrom[0m user defined



Import trace:
  Client Component Browser:
    ./node_modules/google-gax/node_modules/google-aut
h-library/build/src/auth/pluggable-auth-handler.js 
[Client Component Browser]
    ./node_modules/google-gax/node_modules/google-aut
h-library/build/src/auth/pluggable-auth-client.js 
[Client Component Browser]
    ./node_modules/google-gax/node_modules/google-aut
h-library/build/src/index.js [Client Component 
Browser]
    ./node_modules/google-gax/build/src/fallback.js 
[Client Component Browser]
    ./node_modules/@google-cloud/firestore/build/src/
index.js [Client Component Browser]
    ./node_modules/firebase-admin/lib/app/firebase-na
mespace.js [Client Component Browser]
    ./node_modules/firebase-admin/lib/default-namespa
ce.js [Client Component Browser]
    ./node_modules/firebase-admin/lib/index.js 
[Client Component Browser]
    ./lib/firebase-admin.ts [Client Component 
Browser]
    ./lib/data.ts [Client Component Browser]
    ./components/layout/SearchInput.tsx [Client 
Component Browser]
    ./components/layout/Header.tsx [Client Component 
Browser]
    ./components/layout/Header.tsx [Server Component]
    ./app/terms/page.tsx [Server Component]

https://nextjs.org/docs/messages/module-not-found


./node_modules/@google-cloud/storage/build/cjs/src/bu
cket.js:56:25
Module not found: Can't resolve 'fs'
  [90m54 |[0m [36mconst[0m paginator_1 = 
require([32m"@google-cloud/paginator"[0m);
  [90m55 |[0m [36mconst[0m promisify_1 = 
require([32m"@google-cloud/promisify"[0m);
[31m[1m>[0m [90m56 |[0m [36mconst[0m fs = 
__importStar(require([32m"fs"[0m));
  [90m   |[0m                         
[31m[1m^^^^^^^^^^^^^[0m
  [90m57 |[0m [36mconst[0m mime_1 = 
__importDefault(require([32m"mime"[0m));
  [90m58 |[0m [36mconst[0m path = 
__importStar(require([32m"path"[0m));
  [90m59 |[0m [36mconst[0m p_limit_1 = 
__importDefault(require([32m"p-limit"[0m));



Import trace:
  Client Component Browser:
    ./node_modules/@google-cloud/storage/build/cjs/sr
c/bucket.js [Client Component Browser]
    ./node_modules/@google-cloud/storage/build/cjs/sr
c/index.js [Client Component Browser]
    
./node_modules/firebase-admin/lib/storage/storage.js 
[Client Component Browser]
    ./node_modules/firebase-admin/lib/app/firebase-na
mespace.js [Client Component Browser]
    ./node_modules/firebase-admin/lib/default-namespa
ce.js [Client Component Browser]
    ./node_modules/firebase-admin/lib/index.js 
[Client Component Browser]
    ./lib/firebase-admin.ts [Client Component 
Browser]
    ./lib/data.ts [Client Component Browser]
    ./components/layout/SearchInput.tsx [Client 
Component Browser]
    ./components/layout/Header.tsx [Client Component 
Browser]
    ./components/layout/Header.tsx [Server Component]
    ./app/category/[slug]/page.tsx [Server Component]

https://nextjs.org/docs/messages/module-not-found


./node_modules/@google-cloud/storage/build/cjs/src/cr
c32c.js:29:14
Module not found: Can't resolve 'fs'
  [90m27 |[0m 
[33mObject[0m.defineProperty(exports, 
[32m"__esModule"[0m, { value: [36mtrue[0m });
  [90m28 |[0m 
exports.[33mCRC32C_EXTENSION_TABLE[0m = 
exports.[33mCRC32C_EXTENSIONS[0m = 
exports.[33mCRC32C_EXCEPTION_MESS...[0m
[31m[1m>[0m [90m29 |[0m [36mconst[0m fs_1 = 
require([32m"fs"[0m);
  [90m   |[0m              
[31m[1m^^^^^^^^^^^^^[0m
  [90m30 |[0m [90m/**[0m
  [90m31 |[0m [90m * Ported from {@link https://gi
thub.com/google/crc32c/blob/21fc8ef30415a635e7351ffa0
e5d53...[0m
  [90m32 |[0m [90m */[0m



Import trace:
  Client Component Browser:
    ./node_modules/@google-cloud/storage/build/cjs/sr
c/crc32c.js [Client Component Browser]
    ./node_modules/@google-cloud/storage/build/cjs/sr
c/index.js [Client Component Browser]
    
./node_modules/firebase-admin/lib/storage/storage.js 
[Client Component Browser]
    ./node_modules/firebase-admin/lib/app/firebase-na
mespace.js [Client Component Browser]
    ./node_modules/firebase-admin/lib/default-namespa
ce.js [Client Component Browser]
    ./node_modules/firebase-admin/lib/index.js 
[Client Component Browser]
    ./lib/firebase-admin.ts [Client Component 
Browser]
    ./lib/data.ts [Client Component Browser]
    ./components/layout/SearchInput.tsx [Client 
Component Browser]
    ./components/layout/Header.tsx [Client Component 
Browser]
    ./components/layout/Header.tsx [Server Component]
    ./app/category/[slug]/page.tsx [Server Component]

https://nextjs.org/docs/messages/module-not-found


./node_modules/@google-cloud/storage/build/cjs/src/fi
le.js:62:25
Module not found: Can't resolve 'fs'
  [90m60 |[0m [36mconst[0m promisify_1 = 
require([32m"@google-cloud/promisify"[0m);
  [90m61 |[0m [36mconst[0m crypto = 
__importStar(require([32m"crypto"[0m));
[31m[1m>[0m [90m62 |[0m [36mconst[0m fs = 
__importStar(require([32m"fs"[0m));
  [90m   |[0m                         
[31m[1m^^^^^^^^^^^^^[0m
  [90m63 |[0m [36mconst[0m mime_1 = 
__importDefault(require([32m"mime"[0m));
  [90m64 |[0m [36mconst[0m resumableUpload = __im
portStar(require([32m"./resumable-upload.js"[0m));
  [90m65 |[0m [36mconst[0m stream_1 = 
require([32m"stream"[0m);



Import trace:
  Client Component Browser:
    ./node_modules/@google-cloud/storage/build/cjs/sr
c/file.js [Client Component Browser]
    ./node_modules/@google-cloud/storage/build/cjs/sr
c/index.js [Client Component Browser]
    
./node_modules/firebase-admin/lib/storage/storage.js 
[Client Component Browser]
    ./node_modules/firebase-admin/lib/app/firebase-na
mespace.js [Client Component Browser]
    ./node_modules/firebase-admin/lib/default-namespa
ce.js [Client Component Browser]
    ./node_modules/firebase-admin/lib/index.js 
[Client Component Browser]
    ./lib/firebase-admin.ts [Client Component 
Browser]
    ./lib/data.ts [Client Component Browser]
    ./components/layout/SearchInput.tsx [Client 
Component Browser]
    ./components/layout/Header.tsx [Client Component 
Browser]
    ./components/layout/Header.tsx [Server Component]
    ./app/category/[slug]/page.tsx [Server Component]

https://nextjs.org/docs/messages/module-not-found


./node_modules/@google-cloud/storage/build/cjs/src/tr
ansfer-manager.js:64:14
Module not found: Can't resolve 'fs'
  [90m62 |[0m [36mconst[0m p_limit_1 = 
__importDefault(require([32m"p-limit"[0m));
  [90m63 |[0m [36mconst[0m path = 
__importStar(require([32m"path"[0m));
[31m[1m>[0m [90m64 |[0m [36mconst[0m fs_1 = 
require([32m"fs"[0m);
  [90m   |[0m              
[31m[1m^^^^^^^^^^^^^[0m
  [90m65 |[0m [36mconst[0m crc32c_js_1 = 
require([32m"./crc32c.js"[0m);
  [90m66 |[0m [36mconst[0m google_auth_library_1 
= require([32m"google-auth-library"[0m);
  [90m67 |[0m [36mconst[0m fast_xml_parser_1 = 
require([32m"fast-xml-parser"[0m);



Import trace:
  Client Component Browser:
    ./node_modules/@google-cloud/storage/build/cjs/sr
c/transfer-manager.js [Client Component Browser]
    ./node_modules/@google-cloud/storage/build/cjs/sr
c/index.js [Client Component Browser]
    
./node_modules/firebase-admin/lib/storage/storage.js 
[Client Component Browser]
    ./node_modules/firebase-admin/lib/app/firebase-na
mespace.js [Client Component Browser]
    ./node_modules/firebase-admin/lib/default-namespa
ce.js [Client Component Browser]
    ./node_modules/firebase-admin/lib/index.js 
[Client Component Browser]
    ./lib/firebase-admin.ts [Client Component 
Browser]
    ./lib/data.ts [Client Component Browser]
    ./components/layout/SearchInput.tsx [Client 
Component Browser]
    ./components/layout/Header.tsx [Client Component 
Browser]
    ./components/layout/Header.tsx [Server Component]
    ./app/category/[slug]/page.tsx [Server Component]

https://nextjs.org/docs/messages/module-not-found


./node_modules/@google-cloud/storage/node_modules/gcp
-metadata/build/src/gcp-residency.js:24:14
Module not found: Can't resolve 'fs'
  [90m22 |[0m exports.isGoogleComputeEngine = 
isGoogleComputeEngine;
  [90m23 |[0m exports.detectGCPResidency = 
detectGCPResidency;
[31m[1m>[0m [90m24 |[0m [36mconst[0m fs_1 = 
require([32m"fs"[0m);
  [90m   |[0m              
[31m[1m^^^^^^^^^^^^^[0m
  [90m25 |[0m [36mconst[0m os_1 = 
require([32m"os"[0m);
  [90m26 |[0m /**
  [90m27 |[0m  * [33mKnown[0m paths unique to 
[33mGoogle[0m [33mCompute[0m [33mEngine[0m 
[33mLinux[0m instances



Import traces:
  Server Component:
    ./node_modules/@google-cloud/storage/node_modules
/gcp-metadata/build/src/gcp-residency.js
    ./node_modules/@google-cloud/storage/node_modules
/gcp-metadata/build/src/index.js
    ./node_modules/@google-cloud/storage/node_modules
/google-auth-library/build/src/index.js
    ./node_modules/@google-cloud/storage/build/esm/sr
c/transfer-manager.js
    ./node_modules/@google-cloud/storage/build/esm/sr
c/index.js
    ./lib/actions/dashboard-actions.ts

  Client Component Browser:
    ./node_modules/@google-cloud/storage/node_modules
/gcp-metadata/build/src/gcp-residency.js [Client 
Component Browser]
    ./node_modules/@google-cloud/storage/node_modules
/gcp-metadata/build/src/index.js [Client Component 
Browser]
    ./node_modules/@google-cloud/storage/node_modules
/google-auth-library/build/src/index.js [Client 
Component Browser]
    ./node_modules/@google-cloud/storage/build/cjs/sr
c/storage.js [Client Component Browser]
    ./node_modules/@google-cloud/storage/build/cjs/sr
c/index.js [Client Component Browser]
    
./node_modules/firebase-admin/lib/storage/storage.js 
[Client Component Browser]
    ./node_modules/firebase-admin/lib/app/firebase-na
mespace.js [Client Component Browser]
    ./node_modules/firebase-admin/lib/default-namespa
ce.js [Client Component Browser]
    ./node_modules/firebase-admin/lib/index.js 
[Client Component Browser]
    ./lib/firebase-admin.ts [Client Component 
Browser]
    ./lib/data.ts [Client Component Browser]
    ./components/layout/SearchInput.tsx [Client 
Component Browser]
    ./components/layout/Header.tsx [Client Component 
Browser]
    ./components/layout/Header.tsx [Server Component]
    ./app/category/[slug]/page.tsx [Server Component]

https://nextjs.org/docs/messages/module-not-found


./node_modules/@google-cloud/storage/node_modules/goo
gle-auth-library/build/src/auth/filesubjecttokensuppl
ier.js:19:12
Module not found: Can't resolve 'fs'
  [90m17 |[0m 
exports.[33mFileSubjectTokenSupplier[0m = 
[36mvoid[0m [35m0[0m;
  [90m18 |[0m [36mconst[0m util_1 = 
require([32m"util"[0m);
[31m[1m>[0m [90m19 |[0m [36mconst[0m fs = 
require([32m"fs"[0m);
  [90m   |[0m            [31m[1m^^^^^^^^^^^^^[0m
  [90m20 |[0m [90m// fs.readfile is undefined in 
browser karma tests causing[0m
  [90m21 |[0m [90m// `npm run browser-test` to 
fail as test.oauth2.ts imports this file via[0m
  [90m22 |[0m [90m// src/index.ts.[0m



Import traces:
  #1 [Server Component]:
    ./node_modules/@google-cloud/storage/node_modules
/google-auth-library/build/src/auth/filesubjecttokens
upplier.js
    ./node_modules/@google-cloud/storage/node_modules
/google-auth-library/build/src/auth/googleauth.js
    ./node_modules/@google-cloud/storage/node_modules
/google-auth-library/build/src/index.js
    ./node_modules/@google-cloud/storage/build/esm/sr
c/transfer-manager.js
    ./node_modules/@google-cloud/storage/build/esm/sr
c/index.js
    ./lib/actions/dashboard-actions.ts

  #2 [Server Component]:
    ./node_modules/@google-cloud/storage/node_modules
/google-auth-library/build/src/auth/filesubjecttokens
upplier.js
    ./node_modules/@google-cloud/storage/node_modules
/google-auth-library/build/src/auth/identitypoolclien
t.js
    ./node_modules/@google-cloud/storage/node_modules
/google-auth-library/build/src/index.js
    ./node_modules/@google-cloud/storage/build/esm/sr
c/nodejs-common/util.js
    ./node_modules/@google-cloud/storage/build/esm/sr
c/index.js
    ./lib/actions/dashboard-actions.ts

  #3 [Client Component Browser]:
    ./node_modules/@google-cloud/storage/node_modules
/google-auth-library/build/src/auth/filesubjecttokens
upplier.js [Client Component Browser]
    ./node_modules/@google-cloud/storage/node_modules
/google-auth-library/build/src/auth/identitypoolclien
t.js [Client Component Browser]
    ./node_modules/@google-cloud/storage/node_modules
/google-auth-library/build/src/index.js [Client 
Component Browser]
    ./node_modules/@google-cloud/storage/build/cjs/sr
c/storage.js [Client Component Browser]
    ./node_modules/@google-cloud/storage/build/cjs/sr
c/index.js [Client Component Browser]
    
./node_modules/firebase-admin/lib/storage/storage.js 
[Client Component Browser]
    ./node_modules/firebase-admin/lib/app/firebase-na
mespace.js [Client Component Browser]
    ./node_modules/firebase-admin/lib/default-namespa
ce.js [Client Component Browser]
    ./node_modules/firebase-admin/lib/index.js 
[Client Component Browser]
    ./lib/firebase-admin.ts [Client Component 
Browser]
    ./lib/data.ts [Client Component Browser]
    ./components/layout/SearchInput.tsx [Client 
Component Browser]
    ./components/layout/Header.tsx [Client Component 
Browser]
    ./components/layout/Header.tsx [Server Component]
    ./app/category/[slug]/page.tsx [Server Component]

https://nextjs.org/docs/messages/module-not-found


./node_modules/@google-cloud/storage/node_modules/goo
gle-auth-library/build/src/auth/googleauth.js:30:12
Module not found: Can't resolve 'fs'
  [90m28 |[0m exports.[33mGoogleAuth[0m = 
exports.[33mGoogleAuthExceptionMessages[0m = 
exports.[33mCLOUD_SDK_CLIENT_ID[0m = [36mv...[0m
  [90m29 |[0m [36mconst[0m child_process_1 = 
require([32m"child_process"[0m);
[31m[1m>[0m [90m30 |[0m [36mconst[0m fs = 
require([32m"fs"[0m);
  [90m   |[0m            [31m[1m^^^^^^^^^^^^^[0m
  [90m31 |[0m [36mconst[0m gcpMetadata = 
require([32m"gcp-metadata"[0m);
  [90m32 |[0m [36mconst[0m os = 
require([32m"os"[0m);
  [90m33 |[0m [36mconst[0m path = 
require([32m"path"[0m);



Import traces:
  Server Component:
    ./node_modules/@google-cloud/storage/node_modules
/google-auth-library/build/src/auth/googleauth.js
    ./node_modules/@google-cloud/storage/node_modules
/google-auth-library/build/src/index.js
    ./node_modules/@google-cloud/storage/build/esm/sr
c/transfer-manager.js
    ./node_modules/@google-cloud/storage/build/esm/sr
c/index.js
    ./lib/actions/dashboard-actions.ts

  Client Component Browser:
    ./node_modules/@google-cloud/storage/node_modules
/google-auth-library/build/src/auth/googleauth.js 
[Client Component Browser]
    ./node_modules/@google-cloud/storage/node_modules
/google-auth-library/build/src/index.js [Client 
Component Browser]
    ./node_modules/@google-cloud/storage/build/cjs/sr
c/storage.js [Client Component Browser]
    ./node_modules/@google-cloud/storage/build/cjs/sr
c/index.js [Client Component Browser]
    
./node_modules/firebase-admin/lib/storage/storage.js 
[Client Component Browser]
    ./node_modules/firebase-admin/lib/app/firebase-na
mespace.js [Client Component Browser]
    ./node_modules/firebase-admin/lib/default-namespa
ce.js [Client Component Browser]
    ./node_modules/firebase-admin/lib/index.js 
[Client Component Browser]
    ./lib/firebase-admin.ts [Client Component 
Browser]
    ./lib/data.ts [Client Component Browser]
    ./components/layout/SearchInput.tsx [Client 
Component Browser]
    ./components/layout/Header.tsx [Client Component 
Browser]
    ./components/layout/Header.tsx [Server Component]
    ./app/category/[slug]/page.tsx [Server Component]

https://nextjs.org/docs/messages/module-not-found


./node_modules/@google-cloud/storage/node_modules/goo
gle-auth-library/build/src/auth/pluggable-auth-handle
r.js:20:12
Module not found: Can't resolve 'fs'
  [90m18 |[0m [36mconst[0m executable_response_1 
= require([32m"./executable-response"[0m);
  [90m19 |[0m [36mconst[0m childProcess = 
require([32m"child_process"[0m);
[31m[1m>[0m [90m20 |[0m [36mconst[0m fs = 
require([32m"fs"[0m);
  [90m   |[0m            [31m[1m^^^^^^^^^^^^^[0m
  [90m21 |[0m /**
  [90m22 |[0m  * [33mA[0m handler used to 
retrieve [35m3[0mrd party token responses 
[36mfrom[0m user defined
  [90m23 |[0m  * executables and cached file 
output [36mfor[0m the [33mPluggableAuthClient[0m 
[36mclass[0m.



Import traces:
  #1 [Server Component]:
    ./node_modules/@google-cloud/storage/node_modules
/google-auth-library/build/src/auth/pluggable-auth-ha
ndler.js
    ./node_modules/@google-cloud/storage/node_modules
/google-auth-library/build/src/auth/googleauth.js
    ./node_modules/@google-cloud/storage/node_modules
/google-auth-library/build/src/index.js
    ./node_modules/@google-cloud/storage/build/esm/sr
c/transfer-manager.js
    ./node_modules/@google-cloud/storage/build/esm/sr
c/index.js
    ./lib/actions/dashboard-actions.ts

  #2 [Server Component]:
    ./node_modules/@google-cloud/storage/node_modules
/google-auth-library/build/src/auth/pluggable-auth-ha
ndler.js
    ./node_modules/@google-cloud/storage/node_modules
/google-auth-library/build/src/auth/pluggable-auth-cl
ient.js
    ./node_modules/@google-cloud/storage/node_modules
/google-auth-library/build/src/index.js
    ./node_modules/@google-cloud/storage/build/esm/sr
c/nodejs-common/util.js
    ./node_modules/@google-cloud/storage/build/esm/sr
c/index.js
    ./lib/actions/dashboard-actions.ts

  #3 [Client Component Browser]:
    ./node_modules/@google-cloud/storage/node_modules
/google-auth-library/build/src/auth/pluggable-auth-ha
ndler.js [Client Component Browser]
    ./node_modules/@google-cloud/storage/node_modules
/google-auth-library/build/src/auth/pluggable-auth-cl
ient.js [Client Component Browser]
    ./node_modules/@google-cloud/storage/node_modules
/google-auth-library/build/src/index.js [Client 
Component Browser]
    ./node_modules/@google-cloud/storage/build/cjs/sr
c/storage.js [Client Component Browser]
    ./node_modules/@google-cloud/storage/build/cjs/sr
c/index.js [Client Component Browser]
    
./node_modules/firebase-admin/lib/storage/storage.js 
[Client Component Browser]
    ./node_modules/firebase-admin/lib/app/firebase-na
mespace.js [Client Component Browser]
    ./node_modules/firebase-admin/lib/default-namespa
ce.js [Client Component Browser]
    ./node_modules/firebase-admin/lib/index.js 
[Client Component Browser]
    ./lib/firebase-admin.ts [Client Component 
Browser]
    ./lib/data.ts [Client Component Browser]
    ./components/layout/SearchInput.tsx [Client 
Component Browser]
    ./components/layout/Header.tsx [Client Component 
Browser]
    ./components/layout/Header.tsx [Server Component]
    ./app/category/[slug]/page.tsx [Server Component]

https://nextjs.org/docs/messages/module-not-found


./node_modules/firebase-admin/lib/app/credential-inte
rnal.js:23:12
Module not found: Can't resolve 'fs'
  [90m21 |[0m exports.isApplicationDefault = 
isApplicationDefault;
  [90m22 |[0m exports.getApplicationDefault = 
getApplicationDefault;
[31m[1m>[0m [90m23 |[0m [36mconst[0m fs = 
require([32m"fs"[0m);
  [90m   |[0m            [31m[1m^^^^^^^^^^^^^[0m
  [90m24 |[0m [36mconst[0m google_auth_library_1 
= require([32m"google-auth-library"[0m);
  [90m25 |[0m [36mconst[0m error_1 = 
require([32m"../utils/error"[0m);
  [90m26 |[0m [36mconst[0m util = 
require([32m"../utils/validator"[0m);



Import trace:
  Client Component Browser:
    ./node_modules/firebase-admin/lib/app/credential-
internal.js [Client Component Browser]
    ./node_modules/firebase-admin/lib/app/credential-
factory.js [Client Component Browser]
    ./node_modules/firebase-admin/lib/app/firebase-na
mespace.js [Client Component Browser]
    ./node_modules/firebase-admin/lib/default-namespa
ce.js [Client Component Browser]
    ./node_modules/firebase-admin/lib/index.js 
[Client Component Browser]
    ./lib/firebase-admin.ts [Client Component 
Browser]
    ./lib/data.ts [Client Component Browser]
    ./components/layout/SearchInput.tsx [Client 
Component Browser]
    ./components/layout/Header.tsx [Client Component 
Browser]
    ./components/layout/Header.tsx [Server Component]
    ./app/about/page.tsx [Server Component]

https://nextjs.org/docs/messages/module-not-found


./node_modules/firebase-admin/lib/app/lifecycle.js:25
:12
Module not found: Can't resolve 'fs'
  [90m23 |[0m exports.getApps = getApps;
  [90m24 |[0m exports.deleteApp = deleteApp;
[31m[1m>[0m [90m25 |[0m [36mconst[0m fs = 
require([32m"fs"[0m);
  [90m   |[0m            [31m[1m^^^^^^^^^^^^^[0m
  [90m26 |[0m [36mconst[0m validator = 
require([32m"../utils/validator"[0m);
  [90m27 |[0m [36mconst[0m error_1 = 
require([32m"../utils/error"[0m);
  [90m28 |[0m [36mconst[0m credential_internal_1 
= require([32m"./credential-internal"[0m);



Import trace:
  Client Component Browser:
    
./node_modules/firebase-admin/lib/app/lifecycle.js 
[Client Component Browser]
    ./node_modules/firebase-admin/lib/app/firebase-na
mespace.js [Client Component Browser]
    ./node_modules/firebase-admin/lib/default-namespa
ce.js [Client Component Browser]
    ./node_modules/firebase-admin/lib/index.js 
[Client Component Browser]
    ./lib/firebase-admin.ts [Client Component 
Browser]
    ./lib/data.ts [Client Component Browser]
    ./components/layout/SearchInput.tsx [Client 
Component Browser]
    ./components/layout/Header.tsx [Client Component 
Browser]
    ./components/layout/Header.tsx [Server Component]
    ./app/category/[slug]/page.tsx [Server Component]

https://nextjs.org/docs/messages/module-not-found


./node_modules/gcp-metadata/build/src/gcp-residency.j
s:24:14
Module not found: Can't resolve 'fs'
  [90m22 |[0m exports.isGoogleComputeEngine = 
isGoogleComputeEngine;
  [90m23 |[0m exports.detectGCPResidency = 
detectGCPResidency;
[31m[1m>[0m [90m24 |[0m [36mconst[0m fs_1 = 
require([32m"fs"[0m);
  [90m   |[0m              
[31m[1m^^^^^^^^^^^^^[0m
  [90m25 |[0m [36mconst[0m os_1 = 
require([32m"os"[0m);
  [90m26 |[0m /**
  [90m27 |[0m  * [33mKnown[0m paths unique to 
[33mGoogle[0m [33mCompute[0m [33mEngine[0m 
[33mLinux[0m instances



Import trace:
  Client Component Browser:
    ./node_modules/gcp-metadata/build/src/gcp-residen
cy.js [Client Component Browser]
    ./node_modules/gcp-metadata/build/src/index.js 
[Client Component Browser]
    ./node_modules/google-auth-library/build/src/inde
x.js [Client Component Browser]
    ./node_modules/firebase-admin/lib/app/credential-
internal.js [Client Component Browser]
    ./node_modules/firebase-admin/lib/app/credential-
factory.js [Client Component Browser]
    ./node_modules/firebase-admin/lib/app/firebase-na
mespace.js [Client Component Browser]
    ./node_modules/firebase-admin/lib/default-namespa
ce.js [Client Component Browser]
    ./node_modules/firebase-admin/lib/index.js 
[Client Component Browser]
    ./lib/firebase-admin.ts [Client Component 
Browser]
    ./lib/data.ts [Client Component Browser]
    ./components/layout/SearchInput.tsx [Client 
Component Browser]
    ./components/layout/Header.tsx [Client Component 
Browser]
    ./components/layout/Header.tsx [Server Component]
    ./app/about/page.tsx [Server Component]

https://nextjs.org/docs/messages/module-not-found


./node_modules/google-auth-library/build/src/auth/cer
tificatesubjecttokensupplier.js:18:12
Module not found: Can't resolve 'fs'
  [90m16 |[0m 
exports.[33mCertificateSubjectTokenSupplier[0m = 
exports.[33mInvalidConfigurationError[0m = 
exports.[33mCert...[0m
  [90m17 |[0m [36mconst[0m util_1 = 
require([32m"../util"[0m);
[31m[1m>[0m [90m18 |[0m [36mconst[0m fs = 
require([32m"fs"[0m);
  [90m   |[0m            [31m[1m^^^^^^^^^^^^^[0m
  [90m19 |[0m [36mconst[0m crypto_1 = 
require([32m"crypto"[0m);
  [90m20 |[0m [36mconst[0m https = 
require([32m"https"[0m);
  [90m21 |[0m exports.[33mCERTIFICATE_CONFIGURATIO
N_ENV_VARIABLE[0m = 
[32m'GOOGLE_API_CERTIFICATE_CONFIG'[0m;



Import trace:
  Client Component Browser:
    ./node_modules/google-auth-library/build/src/auth
/certificatesubjecttokensupplier.js [Client 
Component Browser]
    ./node_modules/google-auth-library/build/src/auth
/identitypoolclient.js [Client Component Browser]
    ./node_modules/google-auth-library/build/src/inde
x.js [Client Component Browser]
    ./node_modules/firebase-admin/lib/app/credential-
internal.js [Client Component Browser]
    ./node_modules/firebase-admin/lib/app/credential-
factory.js [Client Component Browser]
    ./node_modules/firebase-admin/lib/app/firebase-na
mespace.js [Client Component Browser]
    ./node_modules/firebase-admin/lib/default-namespa
ce.js [Client Component Browser]
    ./node_modules/firebase-admin/lib/index.js 
[Client Component Browser]
    ./lib/firebase-admin.ts [Client Component 
Browser]
    ./lib/data.ts [Client Component Browser]
    ./components/layout/SearchInput.tsx [Client 
Component Browser]
    ./components/layout/Header.tsx [Client Component 
Browser]
    ./components/layout/Header.tsx [Server Component]
    ./app/about/page.tsx [Server Component]

https://nextjs.org/docs/messages/module-not-found


./node_modules/google-auth-library/build/src/auth/fil
esubjecttokensupplier.js:18:12
Module not found: Can't resolve 'fs'
  [90m16 |[0m 
exports.[33mFileSubjectTokenSupplier[0m = 
[36mvoid[0m [35m0[0m;
  [90m17 |[0m [36mconst[0m util_1 = 
require([32m"util"[0m);
[31m[1m>[0m [90m18 |[0m [36mconst[0m fs = 
require([32m"fs"[0m);
  [90m   |[0m            [31m[1m^^^^^^^^^^^^^[0m
  [90m19 |[0m [90m// fs.readfile is undefined in 
browser karma tests causing[0m
  [90m20 |[0m [90m// `npm run browser-test` to 
fail as test.oauth2.ts imports this file via[0m
  [90m21 |[0m [90m// src/index.ts.[0m



Import trace:
  Client Component Browser:
    ./node_modules/google-auth-library/build/src/auth
/filesubjecttokensupplier.js [Client Component 
Browser]
    ./node_modules/google-auth-library/build/src/auth
/identitypoolclient.js [Client Component Browser]
    ./node_modules/google-auth-library/build/src/inde
x.js [Client Component Browser]
    ./node_modules/firebase-admin/lib/app/credential-
internal.js [Client Component Browser]
    ./node_modules/firebase-admin/lib/app/credential-
factory.js [Client Component Browser]
    ./node_modules/firebase-admin/lib/app/firebase-na
mespace.js [Client Component Browser]
    ./node_modules/firebase-admin/lib/default-namespa
ce.js [Client Component Browser]
    ./node_modules/firebase-admin/lib/index.js 
[Client Component Browser]
    ./lib/firebase-admin.ts [Client Component 
Browser]
    ./lib/data.ts [Client Component Browser]
    ./components/layout/SearchInput.tsx [Client 
Component Browser]
    ./components/layout/Header.tsx [Client Component 
Browser]
    ./components/layout/Header.tsx [Server Component]
    ./app/about/page.tsx [Server Component]

https://nextjs.org/docs/messages/module-not-found


./node_modules/google-auth-library/build/src/auth/goo
gleauth.js:18:12
Module not found: Can't resolve 'fs'
  [90m16 |[0m exports.[33mGoogleAuth[0m = 
exports.[33mGoogleAuthExceptionMessages[0m = 
[36mvoid[0m [35m0[0m;
  [90m17 |[0m [36mconst[0m child_process_1 = 
require([32m"child_process"[0m);
[31m[1m>[0m [90m18 |[0m [36mconst[0m fs = 
require([32m"fs"[0m);
  [90m   |[0m            [31m[1m^^^^^^^^^^^^^[0m
  [90m19 |[0m [36mconst[0m gaxios_1 = 
require([32m"gaxios"[0m);
  [90m20 |[0m [36mconst[0m gcpMetadata = 
require([32m"gcp-metadata"[0m);
  [90m21 |[0m [36mconst[0m os = 
require([32m"os"[0m);



Import trace:
  Client Component Browser:
    ./node_modules/google-auth-library/build/src/auth
/googleauth.js [Client Component Browser]
    ./node_modules/google-auth-library/build/src/inde
x.js [Client Component Browser]
    ./node_modules/firebase-admin/lib/app/credential-
internal.js [Client Component Browser]
    ./node_modules/firebase-admin/lib/app/credential-
factory.js [Client Component Browser]
    ./node_modules/firebase-admin/lib/app/firebase-na
mespace.js [Client Component Browser]
    ./node_modules/firebase-admin/lib/default-namespa
ce.js [Client Component Browser]
    ./node_modules/firebase-admin/lib/index.js 
[Client Component Browser]
    ./lib/firebase-admin.ts [Client Component 
Browser]
    ./lib/data.ts [Client Component Browser]
    ./components/layout/SearchInput.tsx [Client 
Component Browser]
    ./components/layout/Header.tsx [Client Component 
Browser]
    ./components/layout/Header.tsx [Server Component]
    ./app/about/page.tsx [Server Component]

https://nextjs.org/docs/messages/module-not-found


./node_modules/google-auth-library/build/src/auth/plu
ggable-auth-handler.js:19:12
Module not found: Can't resolve 'fs'
  [90m17 |[0m [36mconst[0m executable_response_1 
= require([32m"./executable-response"[0m);
  [90m18 |[0m [36mconst[0m childProcess = 
require([32m"child_process"[0m);
[31m[1m>[0m [90m19 |[0m [36mconst[0m fs = 
require([32m"fs"[0m);
  [90m   |[0m            [31m[1m^^^^^^^^^^^^^[0m
  [90m20 |[0m [90m/**[0m
  [90m21 |[0m [90m * Error thrown from the 
executable run by PluggableAuthClient.[0m
  [90m22 |[0m [90m */[0m



Import trace:
  Client Component Browser:
    ./node_modules/google-auth-library/build/src/auth
/pluggable-auth-handler.js [Client Component Browser]
    ./node_modules/google-auth-library/build/src/auth
/pluggable-auth-client.js [Client Component Browser]
    ./node_modules/google-auth-library/build/src/inde
x.js [Client Component Browser]
    ./node_modules/firebase-admin/lib/app/credential-
internal.js [Client Component Browser]
    ./node_modules/firebase-admin/lib/app/credential-
factory.js [Client Component Browser]
    ./node_modules/firebase-admin/lib/app/firebase-na
mespace.js [Client Component Browser]
    ./node_modules/firebase-admin/lib/default-namespa
ce.js [Client Component Browser]
    ./node_modules/firebase-admin/lib/index.js 
[Client Component Browser]
    ./lib/firebase-admin.ts [Client Component 
Browser]
    ./lib/data.ts [Client Component Browser]
    ./components/layout/SearchInput.tsx [Client 
Component Browser]
    ./components/layout/Header.tsx [Client Component 
Browser]
    ./components/layout/Header.tsx [Server Component]
    ./app/about/page.tsx [Server Component]

https://nextjs.org/docs/messages/module-not-found


./node_modules/google-auth-library/build/src/gtoken/g
etCredentials.js:18:12
Module not found: Can't resolve 'fs'
  [90m16 |[0m exports.getCredentials = 
getCredentials;
  [90m17 |[0m [36mconst[0m path = 
require([32m"path"[0m);
[31m[1m>[0m [90m18 |[0m [36mconst[0m fs = 
require([32m"fs"[0m);
  [90m   |[0m            [31m[1m^^^^^^^^^^^^^[0m
  [90m19 |[0m [36mconst[0m util_1 = 
require([32m"util"[0m);
  [90m20 |[0m [36mconst[0m errorWithCode_1 = 
require([32m"./errorWithCode"[0m);
  [90m21 |[0m [36mconst[0m readFile = fs.readFile



Import trace:
  Client Component Browser:
    ./node_modules/google-auth-library/build/src/gtok
en/getCredentials.js [Client Component Browser]
    ./node_modules/google-auth-library/build/src/auth
/jwtclient.js [Client Component Browser]
    ./node_modules/google-auth-library/build/src/inde
x.js [Client Component Browser]
    ./node_modules/firebase-admin/lib/app/credential-
internal.js [Client Component Browser]
    ./node_modules/firebase-admin/lib/app/credential-
factory.js [Client Component Browser]
    ./node_modules/firebase-admin/lib/app/firebase-na
mespace.js [Client Component Browser]
    ./node_modules/firebase-admin/lib/default-namespa
ce.js [Client Component Browser]
    ./node_modules/firebase-admin/lib/index.js 
[Client Component Browser]
    ./lib/firebase-admin.ts [Client Component 
Browser]
    ./lib/data.ts [Client Component Browser]
    ./components/layout/SearchInput.tsx [Client 
Component Browser]
    ./components/layout/Header.tsx [Client Component 
Browser]
    ./components/layout/Header.tsx [Server Component]
    ./app/about/page.tsx [Server Component]

https://nextjs.org/docs/messages/module-not-found


./node_modules/google-auth-library/build/src/util.js:
22:12
Module not found: Can't resolve 'fs'
  [90m20 |[0m exports.isValidFile = isValidFile;
  [90m21 |[0m 
exports.getWellKnownCertificateConfigFileLocation = 
getWellKnownCertificateConfigFileLocat...
[31m[1m>[0m [90m22 |[0m [36mconst[0m fs = 
require([32m"fs"[0m);
  [90m   |[0m            [31m[1m^^^^^^^^^^^^^[0m
  [90m23 |[0m [36mconst[0m os = 
require([32m"os"[0m);
  [90m24 |[0m [36mconst[0m path = 
require([32m"path"[0m);
  [90m25 |[0m [36mconst[0m 
[33mWELL_KNOWN_CERTIFICATE_CONFIG_FILE[0m = 
[32m'certificate_config.json'[0m;



Import trace:
  Client Component Browser:
    
./node_modules/google-auth-library/build/src/util.js 
[Client Component Browser]
    ./node_modules/google-auth-library/build/src/auth
/baseexternalclient.js [Client Component Browser]
    ./node_modules/google-auth-library/build/src/inde
x.js [Client Component Browser]
    ./node_modules/firebase-admin/lib/app/credential-
internal.js [Client Component Browser]
    
./node_modules/firebase-admin/lib/app/lifecycle.js 
[Client Component Browser]
    ./node_modules/firebase-admin/lib/app/firebase-na
mespace.js [Client Component Browser]
    ./node_modules/firebase-admin/lib/default-namespa
ce.js [Client Component Browser]
    ./node_modules/firebase-admin/lib/index.js 
[Client Component Browser]
    ./lib/firebase-admin.ts [Client Component 
Browser]
    ./lib/data.ts [Client Component Browser]
    ./components/layout/SearchInput.tsx [Client 
Component Browser]
    ./components/layout/Header.tsx [Client Component 
Browser]
    ./components/layout/Header.tsx [Server Component]
    ./app/terms/page.tsx [Server Component]

https://nextjs.org/docs/messages/module-not-found


./node_modules/google-gax/node_modules/gcp-metadata/b
uild/src/gcp-residency.js:24:14
Module not found: Can't resolve 'fs'
  [90m22 |[0m exports.isGoogleComputeEngine = 
isGoogleComputeEngine;
  [90m23 |[0m exports.detectGCPResidency = 
detectGCPResidency;
[31m[1m>[0m [90m24 |[0m [36mconst[0m fs_1 = 
require([32m"fs"[0m);
  [90m   |[0m              
[31m[1m^^^^^^^^^^^^^[0m
  [90m25 |[0m [36mconst[0m os_1 = 
require([32m"os"[0m);
  [90m26 |[0m /**
  [90m27 |[0m  * [33mKnown[0m paths unique to 
[33mGoogle[0m [33mCompute[0m [33mEngine[0m 
[33mLinux[0m instances



Import trace:
  Client Component Browser:
    ./node_modules/google-gax/node_modules/gcp-metada
ta/build/src/gcp-residency.js [Client Component 
Browser]
    ./node_modules/google-gax/node_modules/gcp-metada
ta/build/src/index.js [Client Component Browser]
    ./node_modules/google-gax/node_modules/google-aut
h-library/build/src/index.js [Client Component 
Browser]
    ./node_modules/google-gax/build/src/fallback.js 
[Client Component Browser]
    ./node_modules/@google-cloud/firestore/build/src/
index.js [Client Component Browser]
    ./node_modules/firebase-admin/lib/app/firebase-na
mespace.js [Client Component Browser]
    ./node_modules/firebase-admin/lib/default-namespa
ce.js [Client Component Browser]
    ./node_modules/firebase-admin/lib/index.js 
[Client Component Browser]
    ./lib/firebase-admin.ts [Client Component 
Browser]
    ./lib/data.ts [Client Component Browser]
    ./components/layout/SearchInput.tsx [Client 
Component Browser]
    ./components/layout/Header.tsx [Client Component 
Browser]
    ./components/layout/Header.tsx [Server Component]
    ./app/terms/page.tsx [Server Component]

https://nextjs.org/docs/messages/module-not-found


./node_modules/google-gax/node_modules/google-auth-li
brary/build/src/auth/filesubjecttokensupplier.js:19:1
2
Module not found: Can't resolve 'fs'
  [90m17 |[0m 
exports.[33mFileSubjectTokenSupplier[0m = 
[36mvoid[0m [35m0[0m;
  [90m18 |[0m [36mconst[0m util_1 = 
require([32m"util"[0m);
[31m[1m>[0m [90m19 |[0m [36mconst[0m fs = 
require([32m"fs"[0m);
  [90m   |[0m            [31m[1m^^^^^^^^^^^^^[0m
  [90m20 |[0m [90m// fs.readfile is undefined in 
browser karma tests causing[0m
  [90m21 |[0m [90m// `npm run browser-test` to 
fail as test.oauth2.ts imports this file via[0m
  [90m22 |[0m [90m// src/index.ts.[0m



Import trace:
  Client Component Browser:
    ./node_modules/google-gax/node_modules/google-aut
h-library/build/src/auth/filesubjecttokensupplier.js 
[Client Component Browser]
    ./node_modules/google-gax/node_modules/google-aut
h-library/build/src/auth/identitypoolclient.js 
[Client Component Browser]
    ./node_modules/google-gax/node_modules/google-aut
h-library/build/src/index.js [Client Component 
Browser]
    ./node_modules/google-gax/build/src/fallback.js 
[Client Component Browser]
    ./node_modules/@google-cloud/firestore/build/src/
index.js [Client Component Browser]
    ./node_modules/firebase-admin/lib/app/firebase-na
mespace.js [Client Component Browser]
    ./node_modules/firebase-admin/lib/default-namespa
ce.js [Client Component Browser]
    ./node_modules/firebase-admin/lib/index.js 
[Client Component Browser]
    ./lib/firebase-admin.ts [Client Component 
Browser]
    ./lib/data.ts [Client Component Browser]
    ./components/layout/SearchInput.tsx [Client 
Component Browser]
    ./components/layout/Header.tsx [Client Component 
Browser]
    ./components/layout/Header.tsx [Server Component]
    ./app/terms/page.tsx [Server Component]

https://nextjs.org/docs/messages/module-not-found


./node_modules/google-gax/node_modules/google-auth-li
brary/build/src/auth/googleauth.js:30:12
Module not found: Can't resolve 'fs'
  [90m28 |[0m exports.[33mGoogleAuth[0m = 
exports.[33mGoogleAuthExceptionMessages[0m = 
exports.[33mCLOUD_SDK_CLIENT_ID[0m = [36mv...[0m
  [90m29 |[0m [36mconst[0m child_process_1 = 
require([32m"child_process"[0m);
[31m[1m>[0m [90m30 |[0m [36mconst[0m fs = 
require([32m"fs"[0m);
  [90m   |[0m            [31m[1m^^^^^^^^^^^^^[0m
  [90m31 |[0m [36mconst[0m gcpMetadata = 
require([32m"gcp-metadata"[0m);
  [90m32 |[0m [36mconst[0m os = 
require([32m"os"[0m);
  [90m33 |[0m [36mconst[0m path = 
require([32m"path"[0m);



Import trace:
  Client Component Browser:
    ./node_modules/google-gax/node_modules/google-aut
h-library/build/src/auth/googleauth.js [Client 
Component Browser]
    ./node_modules/google-gax/node_modules/google-aut
h-library/build/src/index.js [Client Component 
Browser]
    ./node_modules/google-gax/build/src/fallback.js 
[Client Component Browser]
    ./node_modules/@google-cloud/firestore/build/src/
index.js [Client Component Browser]
    ./node_modules/firebase-admin/lib/app/firebase-na
mespace.js [Client Component Browser]
    ./node_modules/firebase-admin/lib/default-namespa
ce.js [Client Component Browser]
    ./node_modules/firebase-admin/lib/index.js 
[Client Component Browser]
    ./lib/firebase-admin.ts [Client Component 
Browser]
    ./lib/data.ts [Client Component Browser]
    ./components/layout/SearchInput.tsx [Client 
Component Browser]
    ./components/layout/Header.tsx [Client Component 
Browser]
    ./components/layout/Header.tsx [Server Component]
    ./app/terms/page.tsx [Server Component]

https://nextjs.org/docs/messages/module-not-found


./node_modules/google-gax/node_modules/google-auth-li
brary/build/src/auth/pluggable-auth-handler.js:20:12
Module not found: Can't resolve 'fs'
  [90m18 |[0m [36mconst[0m executable_response_1 
= require([32m"./executable-response"[0m);
  [90m19 |[0m [36mconst[0m childProcess = 
require([32m"child_process"[0m);
[31m[1m>[0m [90m20 |[0m [36mconst[0m fs = 
require([32m"fs"[0m);
  [90m   |[0m            [31m[1m^^^^^^^^^^^^^[0m
  [90m21 |[0m /**
  [90m22 |[0m  * [33mA[0m handler used to 
retrieve [35m3[0mrd party token responses 
[36mfrom[0m user defined
  [90m23 |[0m  * executables and cached file 
output [36mfor[0m the [33mPluggableAuthClient[0m 
[36mclass[0m.



Import trace:
  Client Component Browser:
    ./node_modules/google-gax/node_modules/google-aut
h-library/build/src/auth/pluggable-auth-handler.js 
[Client Component Browser]
    ./node_modules/google-gax/node_modules/google-aut
h-library/build/src/auth/pluggable-auth-client.js 
[Client Component Browser]
    ./node_modules/google-gax/node_modules/google-aut
h-library/build/src/index.js [Client Component 
Browser]
    ./node_modules/google-gax/build/src/fallback.js 
[Client Component Browser]
    ./node_modules/@google-cloud/firestore/build/src/
index.js [Client Component Browser]
    ./node_modules/firebase-admin/lib/app/firebase-na
mespace.js [Client Component Browser]
    ./node_modules/firebase-admin/lib/default-namespa
ce.js [Client Component Browser]
    ./node_modules/firebase-admin/lib/index.js 
[Client Component Browser]
    ./lib/firebase-admin.ts [Client Component 
Browser]
    ./lib/data.ts [Client Component Browser]
    ./components/layout/SearchInput.tsx [Client 
Component Browser]
    ./components/layout/Header.tsx [Client Component 
Browser]
    ./components/layout/Header.tsx [Server Component]
    ./app/terms/page.tsx [Server Component]

https://nextjs.org/docs/messages/module-not-found


./node_modules/gtoken/build/src/index.js:22:12
Module not found: Can't resolve 'fs'
  [90m20 |[0m 
[33mObject[0m.defineProperty(exports, 
[32m"__esModule"[0m, { value: [36mtrue[0m });
  [90m21 |[0m exports.[33mGoogleToken[0m = 
[36mvoid[0m [35m0[0m;
[31m[1m>[0m [90m22 |[0m [36mconst[0m fs = 
require([32m"fs"[0m);
  [90m   |[0m            [31m[1m^^^^^^^^^^^^^[0m
  [90m23 |[0m [36mconst[0m gaxios_1 = 
require([32m"gaxios"[0m);
  [90m24 |[0m [36mconst[0m jws = 
require([32m"jws"[0m);
  [90m25 |[0m [36mconst[0m path = 
require([32m"path"[0m);



Import traces:
  Server Component:
    ./node_modules/gtoken/build/src/index.js
    ./node_modules/@google-cloud/storage/node_modules
/google-auth-library/build/src/auth/jwtclient.js
    ./node_modules/@google-cloud/storage/node_modules
/google-auth-library/build/src/index.js
    ./node_modules/@google-cloud/storage/build/esm/sr
c/transfer-manager.js
    ./node_modules/@google-cloud/storage/build/esm/sr
c/index.js
    ./lib/actions/dashboard-actions.ts

  Client Component Browser:
    ./node_modules/gtoken/build/src/index.js [Client 
Component Browser]
    ./node_modules/google-gax/node_modules/google-aut
h-library/build/src/auth/jwtclient.js [Client 
Component Browser]
    ./node_modules/google-gax/node_modules/google-aut
h-library/build/src/index.js [Client Component 
Browser]
    ./node_modules/google-gax/build/src/fallback.js 
[Client Component Browser]
    ./node_modules/@google-cloud/firestore/build/src/
index.js [Client Component Browser]
    ./node_modules/firebase-admin/lib/app/firebase-na
mespace.js [Client Component Browser]
    ./node_modules/firebase-admin/lib/default-namespa
ce.js [Client Component Browser]
    ./node_modules/firebase-admin/lib/index.js 
[Client Component Browser]
    ./lib/firebase-admin.ts [Client Component 
Browser]
    ./lib/data.ts [Client Component Browser]
    ./components/layout/SearchInput.tsx [Client 
Component Browser]
    ./components/layout/Header.tsx [Client Component 
Browser]
    ./components/layout/Header.tsx [Server Component]
    ./app/terms/page.tsx [Server Component]

https://nextjs.org/docs/messages/module-not-found


./node_modules/firebase-admin/lib/utils/api-request.j
s:27:15
Module not found: Can't resolve 'http2'
  [90m25 |[0m [36mconst[0m http = 
require([32m"http"[0m);
  [90m26 |[0m [36mconst[0m https = 
require([32m"https"[0m);
[31m[1m>[0m [90m27 |[0m [36mconst[0m http2 = 
require([32m"http2"[0m);
  [90m   |[0m               
[31m[1m^^^^^^^^^^^^^^^^[0m
  [90m28 |[0m [36mconst[0m url = 
require([32m"url"[0m);
  [90m29 |[0m [36mconst[0m events_1 = 
require([32m"events"[0m);
  [90m30 |[0m [36mconst[0m credential_internal_1 
= require([32m"../app/credential-internal"[0m);



Import trace:
  Client Component Browser:
    ./node_modules/firebase-admin/lib/utils/api-reque
st.js [Client Component Browser]
    ./node_modules/firebase-admin/lib/messaging/messa
ging.js [Client Component Browser]
    ./node_modules/firebase-admin/lib/app/firebase-na
mespace.js [Client Component Browser]
    ./node_modules/firebase-admin/lib/default-namespa
ce.js [Client Component Browser]
    ./node_modules/firebase-admin/lib/index.js 
[Client Component Browser]
    ./lib/firebase-admin.ts [Client Component 
Browser]
    ./lib/data.ts [Client Component Browser]
    ./components/layout/SearchInput.tsx [Client 
Component Browser]
    ./components/layout/Header.tsx [Client Component 
Browser]
    ./components/layout/Header.tsx [Server Component]
    ./app/page.tsx [Server Component]

https://nextjs.org/docs/messages/module-not-found


./node_modules/@firebase/database-compat/dist/index.s
tandalone.js:11:20
Module not found: Can't resolve 'net'
  [90m 9 |[0m [36mvar[0m require$$1$1 = 
require([32m'crypto'[0m);
  [90m10 |[0m [36mvar[0m require$$2$1 = 
require([32m'url'[0m);
[31m[1m>[0m [90m11 |[0m [36mvar[0m 
require$$1$2 = require([32m'net'[0m);
  [90m   |[0m                    
[31m[1m^^^^^^^^^^^^^^[0m
  [90m12 |[0m [36mvar[0m require$$2$2 = 
require([32m'tls'[0m);
  [90m13 |[0m [36mvar[0m require$$2$3 = 
require([32m'@firebase/util'[0m);
  [90m14 |[0m [36mvar[0m require$$1$3 = 
require([32m'@firebase/logger'[0m);



Import trace:
  Client Component Browser:
    ./node_modules/@firebase/database-compat/dist/ind
ex.standalone.js [Client Component Browser]
    ./node_modules/firebase-admin/lib/app/firebase-na
mespace.js [Client Component Browser]
    ./node_modules/firebase-admin/lib/default-namespa
ce.js [Client Component Browser]
    ./node_modules/firebase-admin/lib/index.js 
[Client Component Browser]
    ./lib/firebase-admin.ts [Client Component 
Browser]
    ./lib/data.ts [Client Component Browser]
    ./components/layout/SearchInput.tsx [Client 
Component Browser]
    ./components/layout/Header.tsx [Client Component 
Browser]
    ./components/layout/Header.tsx [Server Component]
    ./app/category/[slug]/page.tsx [Server Component]

https://nextjs.org/docs/messages/module-not-found


./node_modules/agent-base/dist/index.js:30:26
Module not found: Can't resolve 'net'
  [90m28 |[0m 
[33mObject[0m.defineProperty(exports, 
[32m"__esModule"[0m, { value: [36mtrue[0m });
  [90m29 |[0m exports.[33mAgent[0m = 
[36mvoid[0m [35m0[0m;
[31m[1m>[0m [90m30 |[0m [36mconst[0m net = 
__importStar(require([32m"net"[0m));
  [90m   |[0m                          
[31m[1m^^^^^^^^^^^^^^[0m
  [90m31 |[0m [36mconst[0m http = 
__importStar(require([32m"http"[0m));
  [90m32 |[0m [36mconst[0m https_1 = 
require([32m"https"[0m);
  [90m33 |[0m 
__exportStar(require([32m"./helpers"[0m), exports);



Import traces:
  Server Component:
    ./node_modules/agent-base/dist/index.js
    ./node_modules/https-proxy-agent/dist/index.js
    ./node_modules/gaxios/build/src/gaxios.js
    ./node_modules/gaxios/build/src/index.js
    ./node_modules/@google-cloud/storage/node_modules
/google-auth-library/build/src/index.js
    ./node_modules/@google-cloud/storage/build/esm/sr
c/nodejs-common/util.js
    ./node_modules/@google-cloud/storage/build/esm/sr
c/index.js
    ./lib/actions/dashboard-actions.ts

  Client Component Browser:
    ./node_modules/agent-base/dist/index.js [Client 
Component Browser]
    ./node_modules/https-proxy-agent/dist/index.js 
[Client Component Browser]
    ./node_modules/gaxios/build/src/gaxios.js 
[Client Component Browser]
    ./node_modules/gaxios/build/src/index.js [Client 
Component Browser]
    ./node_modules/google-gax/node_modules/google-aut
h-library/build/src/index.js [Client Component 
Browser]
    ./node_modules/google-gax/build/src/fallback.js 
[Client Component Browser]
    ./node_modules/@google-cloud/firestore/build/src/
index.js [Client Component Browser]
    ./node_modules/firebase-admin/lib/app/firebase-na
mespace.js [Client Component Browser]
    ./node_modules/firebase-admin/lib/default-namespa
ce.js [Client Component Browser]
    ./node_modules/firebase-admin/lib/index.js 
[Client Component Browser]
    ./lib/firebase-admin.ts [Client Component 
Browser]
    ./lib/data.ts [Client Component Browser]
    ./components/layout/SearchInput.tsx [Client 
Component Browser]
    ./components/layout/Header.tsx [Client Component 
Browser]
    ./components/layout/Header.tsx [Server Component]
    ./app/about/page.tsx [Server Component]

https://nextjs.org/docs/messages/module-not-found


./node_modules/http-proxy-agent/dist/agent.js:15:31
Module not found: Can't resolve 'net'
  [90m13 |[0m };
  [90m14 |[0m 
[33mObject[0m.defineProperty(exports, 
[32m"__esModule"[0m, { value: [36mtrue[0m });
[31m[1m>[0m [90m15 |[0m [36mconst[0m net_1 = 
__importDefault(require([32m"net"[0m));
  [90m   |[0m                               
[31m[1m^^^^^^^^^^^^^^[0m
  [90m16 |[0m [36mconst[0m tls_1 = 
__importDefault(require([32m"tls"[0m));
  [90m17 |[0m [36mconst[0m url_1 = 
__importDefault(require([32m"url"[0m));
  [90m18 |[0m [36mconst[0m debug_1 = 
__importDefault(require([32m"debug"[0m));



Import traces:
  Server Component:
    ./node_modules/http-proxy-agent/dist/agent.js
    ./node_modules/http-proxy-agent/dist/index.js
    ./node_modules/teeny-request/build/src/agents.js
    ./node_modules/teeny-request/build/src/index.js
    ./node_modules/@google-cloud/storage/build/esm/sr
c/nodejs-common/util.js
    ./node_modules/@google-cloud/storage/build/esm/sr
c/index.js
    ./lib/actions/dashboard-actions.ts

  Client Component Browser:
    ./node_modules/http-proxy-agent/dist/agent.js 
[Client Component Browser]
    ./node_modules/http-proxy-agent/dist/index.js 
[Client Component Browser]
    ./node_modules/teeny-request/build/src/agents.js 
[Client Component Browser]
    ./node_modules/teeny-request/build/src/index.js 
[Client Component Browser]
    ./node_modules/@google-cloud/storage/build/cjs/sr
c/nodejs-common/util.js [Client Component Browser]
    ./node_modules/@google-cloud/storage/build/cjs/sr
c/nodejs-common/index.js [Client Component Browser]
    ./node_modules/@google-cloud/storage/build/cjs/sr
c/index.js [Client Component Browser]
    
./node_modules/firebase-admin/lib/storage/storage.js 
[Client Component Browser]
    ./node_modules/firebase-admin/lib/app/firebase-na
mespace.js [Client Component Browser]
    ./node_modules/firebase-admin/lib/default-namespa
ce.js [Client Component Browser]
    ./node_modules/firebase-admin/lib/index.js 
[Client Component Browser]
    ./lib/firebase-admin.ts [Client Component 
Browser]
    ./lib/data.ts [Client Component Browser]
    ./components/layout/SearchInput.tsx [Client 
Component Browser]
    ./components/layout/Header.tsx [Client Component 
Browser]
    ./components/layout/Header.tsx [Server Component]
    ./app/category/[slug]/page.tsx [Server Component]

https://nextjs.org/docs/messages/module-not-found


./node_modules/https-proxy-agent/dist/index.js:30:26
Module not found: Can't resolve 'net'
  [90m28 |[0m 
[33mObject[0m.defineProperty(exports, 
[32m"__esModule"[0m, { value: [36mtrue[0m });
  [90m29 |[0m exports.[33mHttpsProxyAgent[0m = 
[36mvoid[0m [35m0[0m;
[31m[1m>[0m [90m30 |[0m [36mconst[0m net = 
__importStar(require([32m"net"[0m));
  [90m   |[0m                          
[31m[1m^^^^^^^^^^^^^^[0m
  [90m31 |[0m [36mconst[0m tls = 
__importStar(require([32m"tls"[0m));
  [90m32 |[0m [36mconst[0m assert_1 = 
__importDefault(require([32m"assert"[0m));
  [90m33 |[0m [36mconst[0m debug_1 = 
__importDefault(require([32m"debug"[0m));



Import traces:
  Server Component:
    ./node_modules/https-proxy-agent/dist/index.js
    ./node_modules/gaxios/build/src/gaxios.js
    ./node_modules/gaxios/build/src/index.js
    ./node_modules/@google-cloud/storage/node_modules
/google-auth-library/build/src/index.js
    ./node_modules/@google-cloud/storage/build/esm/sr
c/nodejs-common/util.js
    ./node_modules/@google-cloud/storage/build/esm/sr
c/index.js
    ./lib/actions/dashboard-actions.ts

  Client Component Browser:
    ./node_modules/https-proxy-agent/dist/index.js 
[Client Component Browser]
    ./node_modules/gaxios/build/src/gaxios.js 
[Client Component Browser]
    ./node_modules/gaxios/build/src/index.js [Client 
Component Browser]
    ./node_modules/google-gax/node_modules/google-aut
h-library/build/src/index.js [Client Component 
Browser]
    ./node_modules/google-gax/build/src/fallback.js 
[Client Component Browser]
    ./node_modules/@google-cloud/firestore/build/src/
index.js [Client Component Browser]
    ./node_modules/firebase-admin/lib/app/firebase-na
mespace.js [Client Component Browser]
    ./node_modules/firebase-admin/lib/default-namespa
ce.js [Client Component Browser]
    ./node_modules/firebase-admin/lib/index.js 
[Client Component Browser]
    ./lib/firebase-admin.ts [Client Component 
Browser]
    ./lib/data.ts [Client Component Browser]
    ./components/layout/SearchInput.tsx [Client 
Component Browser]
    ./components/layout/Header.tsx [Client Component 
Browser]
    ./components/layout/Header.tsx [Server Component]
    ./app/about/page.tsx [Server Component]

https://nextjs.org/docs/messages/module-not-found


./node_modules/teeny-request/node_modules/https-proxy
-agent/dist/agent.js:15:31
Module not found: Can't resolve 'net'
  [90m13 |[0m };
  [90m14 |[0m 
[33mObject[0m.defineProperty(exports, 
[32m"__esModule"[0m, { value: [36mtrue[0m });
[31m[1m>[0m [90m15 |[0m [36mconst[0m net_1 = 
__importDefault(require([32m"net"[0m));
  [90m   |[0m                               
[31m[1m^^^^^^^^^^^^^^[0m
  [90m16 |[0m [36mconst[0m tls_1 = 
__importDefault(require([32m"tls"[0m));
  [90m17 |[0m [36mconst[0m url_1 = 
__importDefault(require([32m"url"[0m));
  [90m18 |[0m [36mconst[0m assert_1 = 
__importDefault(require([32m"assert"[0m));



Import traces:
  Server Component:
    ./node_modules/teeny-request/node_modules/https-p
roxy-agent/dist/agent.js
    ./node_modules/teeny-request/node_modules/https-p
roxy-agent/dist/index.js
    ./node_modules/teeny-request/build/src/agents.js
    ./node_modules/teeny-request/build/src/index.js
    ./node_modules/@google-cloud/storage/build/esm/sr
c/nodejs-common/util.js
    ./node_modules/@google-cloud/storage/build/esm/sr
c/index.js
    ./lib/actions/dashboard-actions.ts

  Client Component Browser:
    ./node_modules/teeny-request/node_modules/https-p
roxy-agent/dist/agent.js [Client Component Browser]
    ./node_modules/teeny-request/node_modules/https-p
roxy-agent/dist/index.js [Client Component Browser]
    ./node_modules/teeny-request/build/src/agents.js 
[Client Component Browser]
    ./node_modules/teeny-request/build/src/index.js 
[Client Component Browser]
    ./node_modules/@google-cloud/storage/build/cjs/sr
c/nodejs-common/util.js [Client Component Browser]
    ./node_modules/@google-cloud/storage/build/cjs/sr
c/nodejs-common/index.js [Client Component Browser]
    ./node_modules/@google-cloud/storage/build/cjs/sr
c/index.js [Client Component Browser]
    
./node_modules/firebase-admin/lib/storage/storage.js 
[Client Component Browser]
    ./node_modules/firebase-admin/lib/app/firebase-na
mespace.js [Client Component Browser]
    ./node_modules/firebase-admin/lib/default-namespa
ce.js [Client Component Browser]
    ./node_modules/firebase-admin/lib/index.js 
[Client Component Browser]
    ./lib/firebase-admin.ts [Client Component 
Browser]
    ./lib/data.ts [Client Component Browser]
    ./components/layout/SearchInput.tsx [Client 
Component Browser]
    ./components/layout/Header.tsx [Client Component 
Browser]
    ./components/layout/Header.tsx [Server Component]
    ./app/category/[slug]/page.tsx [Server Component]

https://nextjs.org/docs/messages/module-not-found


./node_modules/@firebase/database-compat/dist/index.s
tandalone.js:12:20
Module not found: Can't resolve 'tls'
  [90m10 |[0m [36mvar[0m require$$2$1 = 
require([32m'url'[0m);
  [90m11 |[0m [36mvar[0m require$$1$2 = 
require([32m'net'[0m);
[31m[1m>[0m [90m12 |[0m [36mvar[0m 
require$$2$2 = require([32m'tls'[0m);
  [90m   |[0m                    
[31m[1m^^^^^^^^^^^^^^[0m
  [90m13 |[0m [36mvar[0m require$$2$3 = 
require([32m'@firebase/util'[0m);
  [90m14 |[0m [36mvar[0m require$$1$3 = 
require([32m'@firebase/logger'[0m);
  [90m15 |[0m [36mvar[0m require$$0$2 = 
require([32m'@firebase/component'[0m);



Import trace:
  Client Component Browser:
    ./node_modules/@firebase/database-compat/dist/ind
ex.standalone.js [Client Component Browser]
    ./node_modules/firebase-admin/lib/app/firebase-na
mespace.js [Client Component Browser]
    ./node_modules/firebase-admin/lib/default-namespa
ce.js [Client Component Browser]
    ./node_modules/firebase-admin/lib/index.js 
[Client Component Browser]
    ./lib/firebase-admin.ts [Client Component 
Browser]
    ./lib/data.ts [Client Component Browser]
    ./components/layout/SearchInput.tsx [Client 
Component Browser]
    ./components/layout/Header.tsx [Client Component 
Browser]
    ./components/layout/Header.tsx [Server Component]
    ./app/category/[slug]/page.tsx [Server Component]

https://nextjs.org/docs/messages/module-not-found


./node_modules/http-proxy-agent/dist/agent.js:16:31
Module not found: Can't resolve 'tls'
  [90m14 |[0m 
[33mObject[0m.defineProperty(exports, 
[32m"__esModule"[0m, { value: [36mtrue[0m });
  [90m15 |[0m [36mconst[0m net_1 = 
__importDefault(require([32m"net"[0m));
[31m[1m>[0m [90m16 |[0m [36mconst[0m tls_1 = 
__importDefault(require([32m"tls"[0m));
  [90m   |[0m                               
[31m[1m^^^^^^^^^^^^^^[0m
  [90m17 |[0m [36mconst[0m url_1 = 
__importDefault(require([32m"url"[0m));
  [90m18 |[0m [36mconst[0m debug_1 = 
__importDefault(require([32m"debug"[0m));
  [90m19 |[0m [36mconst[0m once_1 = __importDefau
lt(require([32m"@tootallnate/once"[0m));



Import traces:
  Server Component:
    ./node_modules/http-proxy-agent/dist/agent.js
    ./node_modules/http-proxy-agent/dist/index.js
    ./node_modules/teeny-request/build/src/agents.js
    ./node_modules/teeny-request/build/src/index.js
    ./node_modules/@google-cloud/storage/build/esm/sr
c/nodejs-common/util.js
    ./node_modules/@google-cloud/storage/build/esm/sr
c/index.js
    ./lib/actions/dashboard-actions.ts

  Client Component Browser:
    ./node_modules/http-proxy-agent/dist/agent.js 
[Client Component Browser]
    ./node_modules/http-proxy-agent/dist/index.js 
[Client Component Browser]
    ./node_modules/teeny-request/build/src/agents.js 
[Client Component Browser]
    ./node_modules/teeny-request/build/src/index.js 
[Client Component Browser]
    ./node_modules/@google-cloud/storage/build/cjs/sr
c/nodejs-common/util.js [Client Component Browser]
    ./node_modules/@google-cloud/storage/build/cjs/sr
c/nodejs-common/index.js [Client Component Browser]
    ./node_modules/@google-cloud/storage/build/cjs/sr
c/index.js [Client Component Browser]
    
./node_modules/firebase-admin/lib/storage/storage.js 
[Client Component Browser]
    ./node_modules/firebase-admin/lib/app/firebase-na
mespace.js [Client Component Browser]
    ./node_modules/firebase-admin/lib/default-namespa
ce.js [Client Component Browser]
    ./node_modules/firebase-admin/lib/index.js 
[Client Component Browser]
    ./lib/firebase-admin.ts [Client Component 
Browser]
    ./lib/data.ts [Client Component Browser]
    ./components/layout/SearchInput.tsx [Client 
Component Browser]
    ./components/layout/Header.tsx [Client Component 
Browser]
    ./components/layout/Header.tsx [Server Component]
    ./app/category/[slug]/page.tsx [Server Component]

https://nextjs.org/docs/messages/module-not-found


./node_modules/https-proxy-agent/dist/index.js:31:26
Module not found: Can't resolve 'tls'
  [90m29 |[0m exports.[33mHttpsProxyAgent[0m = 
[36mvoid[0m [35m0[0m;
  [90m30 |[0m [36mconst[0m net = 
__importStar(require([32m"net"[0m));
[31m[1m>[0m [90m31 |[0m [36mconst[0m tls = 
__importStar(require([32m"tls"[0m));
  [90m   |[0m                          
[31m[1m^^^^^^^^^^^^^^[0m
  [90m32 |[0m [36mconst[0m assert_1 = 
__importDefault(require([32m"assert"[0m));
  [90m33 |[0m [36mconst[0m debug_1 = 
__importDefault(require([32m"debug"[0m));
  [90m34 |[0m [36mconst[0m agent_base_1 = 
require([32m"agent-base"[0m);



Import traces:
  Server Component:
    ./node_modules/https-proxy-agent/dist/index.js
    ./node_modules/gaxios/build/src/gaxios.js
    ./node_modules/gaxios/build/src/index.js
    ./node_modules/@google-cloud/storage/node_modules
/google-auth-library/build/src/index.js
    ./node_modules/@google-cloud/storage/build/esm/sr
c/nodejs-common/util.js
    ./node_modules/@google-cloud/storage/build/esm/sr
c/index.js
    ./lib/actions/dashboard-actions.ts

  Client Component Browser:
    ./node_modules/https-proxy-agent/dist/index.js 
[Client Component Browser]
    ./node_modules/gaxios/build/src/gaxios.js 
[Client Component Browser]
    ./node_modules/gaxios/build/src/index.js [Client 
Component Browser]
    ./node_modules/google-gax/node_modules/google-aut
h-library/build/src/index.js [Client Component 
Browser]
    ./node_modules/google-gax/build/src/fallback.js 
[Client Component Browser]
    ./node_modules/@google-cloud/firestore/build/src/
index.js [Client Component Browser]
    ./node_modules/firebase-admin/lib/app/firebase-na
mespace.js [Client Component Browser]
    ./node_modules/firebase-admin/lib/default-namespa
ce.js [Client Component Browser]
    ./node_modules/firebase-admin/lib/index.js 
[Client Component Browser]
    ./lib/firebase-admin.ts [Client Component 
Browser]
    ./lib/data.ts [Client Component Browser]
    ./components/layout/SearchInput.tsx [Client 
Component Browser]
    ./components/layout/Header.tsx [Client Component 
Browser]
    ./components/layout/Header.tsx [Server Component]
    ./app/about/page.tsx [Server Component]

https://nextjs.org/docs/messages/module-not-found


./node_modules/teeny-request/node_modules/https-proxy
-agent/dist/agent.js:16:31
Module not found: Can't resolve 'tls'
  [90m14 |[0m 
[33mObject[0m.defineProperty(exports, 
[32m"__esModule"[0m, { value: [36mtrue[0m });
  [90m15 |[0m [36mconst[0m net_1 = 
__importDefault(require([32m"net"[0m));
[31m[1m>[0m [90m16 |[0m [36mconst[0m tls_1 = 
__importDefault(require([32m"tls"[0m));
  [90m   |[0m                               
[31m[1m^^^^^^^^^^^^^^[0m
  [90m17 |[0m [36mconst[0m url_1 = 
__importDefault(require([32m"url"[0m));
  [90m18 |[0m [36mconst[0m assert_1 = 
__importDefault(require([32m"assert"[0m));
  [90m19 |[0m [36mconst[0m debug_1 = 
__importDefault(require([32m"debug"[0m));



Import traces:
  Server Component:
    ./node_modules/teeny-request/node_modules/https-p
roxy-agent/dist/agent.js
    ./node_modules/teeny-request/node_modules/https-p
roxy-agent/dist/index.js
    ./node_modules/teeny-request/build/src/agents.js
    ./node_modules/teeny-request/build/src/index.js
    ./node_modules/@google-cloud/storage/build/esm/sr
c/nodejs-common/util.js
    ./node_modules/@google-cloud/storage/build/esm/sr
c/index.js
    ./lib/actions/dashboard-actions.ts

  Client Component Browser:
    ./node_modules/teeny-request/node_modules/https-p
roxy-agent/dist/agent.js [Client Component Browser]
    ./node_modules/teeny-request/node_modules/https-p
roxy-agent/dist/index.js [Client Component Browser]
    ./node_modules/teeny-request/build/src/agents.js 
[Client Component Browser]
    ./node_modules/teeny-request/build/src/index.js 
[Client Component Browser]
    ./node_modules/@google-cloud/storage/build/cjs/sr
c/nodejs-common/util.js [Client Component Browser]
    ./node_modules/@google-cloud/storage/build/cjs/sr
c/nodejs-common/index.js [Client Component Browser]
    ./node_modules/@google-cloud/storage/build/cjs/sr
c/index.js [Client Component Browser]
    
./node_modules/firebase-admin/lib/storage/storage.js 
[Client Component Browser]
    ./node_modules/firebase-admin/lib/app/firebase-na
mespace.js [Client Component Browser]
    ./node_modules/firebase-admin/lib/default-namespa
ce.js [Client Component Browser]
    ./node_modules/firebase-admin/lib/index.js 
[Client Component Browser]
    ./lib/firebase-admin.ts [Client Component 
Browser]
    ./lib/data.ts [Client Component Browser]
    ./components/layout/SearchInput.tsx [Client 
Component Browser]
    ./components/layout/Header.tsx [Client Component 
Browser]
    ./components/layout/Header.tsx [Server Component]
    ./app/category/[slug]/page.tsx [Server Component]

https://nextjs.org/docs/messages/module-not-found


./node_modules/fetch-blob/from.js
Code generation for chunk item errored
An error occurred while generating the chunk item 
[project]/node_modules/fetch-blob/from.js 
[app-client] (ecmascript) <locals>

Caused by:
- the chunking context (unknown) does not support 
external modules (request: node:fs)

Debug info:
- An error occurred while generating the chunk item 
[project]/node_modules/fetch-blob/from.js 
[app-client] (ecmascript) <locals>
- Execution of <MergedEcmascriptModule as 
EcmascriptChunkPlaceable>::chunk_item_content failed
- Execution of *EcmascriptChunkItemContent::new 
failed
- Execution of EcmascriptModuleContent::new_merged 
failed
- the chunking context (unknown) does not support 
external modules (request: node:fs)

Import trace:
  Client Component Browser:
    ./node_modules/fetch-blob/from.js [Client 
Component Browser]
    ./node_modules/gcp-metadata/node_modules/node-fet
ch/src/index.js [Client Component Browser]
    ./node_modules/gcp-metadata/node_modules/gaxios/b
uild/cjs/src/gaxios.js [Client Component Browser]
    ./node_modules/gcp-metadata/node_modules/gaxios/b
uild/cjs/src/index.js [Client Component Browser]
    ./node_modules/gcp-metadata/build/src/index.js 
[Client Component Browser]
    ./node_modules/google-auth-library/build/src/inde
x.js [Client Component Browser]
    ./node_modules/firebase-admin/lib/app/credential-
internal.js [Client Component Browser]
    
./node_modules/firebase-admin/lib/app/lifecycle.js 
[Client Component Browser]
    ./node_modules/firebase-admin/lib/app/firebase-na
mespace.js [Client Component Browser]
    ./node_modules/firebase-admin/lib/default-namespa
ce.js [Client Component Browser]
    ./node_modules/firebase-admin/lib/index.js 
[Client Component Browser]
    ./lib/firebase-admin.ts [Client Component 
Browser]
    ./lib/data.ts [Client Component Browser]
    ./components/layout/SearchInput.tsx [Client 
Component Browser]
    ./components/layout/Header.tsx [Client Component 
Browser]
    ./components/layout/Header.tsx [Server Component]
    ./app/about/page.tsx [Server Component]


./node_modules/gcp-metadata/node_modules/node-fetch/s
rc/index.js
Code generation for chunk item errored
An error occurred while generating the chunk item [pr
oject]/node_modules/gcp-metadata/node_modules/node-fe
tch/src/index.js [app-client] (ecmascript)

Caused by:
- the chunking context (unknown) does not support 
external modules (request: node:net)

Debug info:
- An error occurred while generating the chunk item [
project]/node_modules/gcp-metadata/node_modules/node-
fetch/src/index.js [app-client] (ecmascript)
- Execution of <MergedEcmascriptModule as 
EcmascriptChunkPlaceable>::chunk_item_content failed
- Execution of *EcmascriptChunkItemContent::new 
failed
- Execution of EcmascriptModuleContent::new_merged 
failed
- the chunking context (unknown) does not support 
external modules (request: node:net)

Import trace:
  Client Component Browser:
    ./node_modules/gcp-metadata/node_modules/node-fet
ch/src/index.js [Client Component Browser]
    ./node_modules/gcp-metadata/node_modules/gaxios/b
uild/cjs/src/gaxios.js [Client Component Browser]
    ./node_modules/gcp-metadata/node_modules/gaxios/b
uild/cjs/src/index.js [Client Component Browser]
    ./node_modules/gcp-metadata/build/src/index.js 
[Client Component Browser]
    ./node_modules/google-auth-library/build/src/inde
x.js [Client Component Browser]
    ./node_modules/firebase-admin/lib/app/credential-
internal.js [Client Component Browser]
    ./node_modules/firebase-admin/lib/app/credential-
factory.js [Client Component Browser]
    ./node_modules/firebase-admin/lib/app/firebase-na
mespace.js [Client Component Browser]
    ./node_modules/firebase-admin/lib/default-namespa
ce.js [Client Component Browser]
    ./node_modules/firebase-admin/lib/index.js 
[Client Component Browser]
    ./lib/firebase-admin.ts [Client Component 
Browser]
    ./lib/data.ts [Client Component Browser]
    ./components/layout/SearchInput.tsx [Client 
Component Browser]
    ./components/layout/Header.tsx [Client Component 
Browser]
    ./components/layout/Header.tsx [Server Component]
    ./app/about/page.tsx [Server Component]


./node_modules/google-auth-library/node_modules/node-
fetch/src/index.js
Code generation for chunk item errored
An error occurred while generating the chunk item [pr
oject]/node_modules/google-auth-library/node_modules/
node-fetch/src/index.js [app-client] (ecmascript)

Caused by:
- the chunking context (unknown) does not support 
external modules (request: node:net)

Debug info:
- An error occurred while generating the chunk item [
project]/node_modules/google-auth-library/node_module
s/node-fetch/src/index.js [app-client] (ecmascript)
- Execution of <MergedEcmascriptModule as 
EcmascriptChunkPlaceable>::chunk_item_content failed
- Execution of *EcmascriptChunkItemContent::new 
failed
- Execution of EcmascriptModuleContent::new_merged 
failed
- the chunking context (unknown) does not support 
external modules (request: node:net)

Import trace:
  Client Component Browser:
    ./node_modules/google-auth-library/node_modules/n
ode-fetch/src/index.js [Client Component Browser]
    ./node_modules/google-auth-library/node_modules/g
axios/build/cjs/src/gaxios.js [Client Component 
Browser]
    ./node_modules/google-auth-library/node_modules/g
axios/build/cjs/src/index.js [Client Component 
Browser]
    ./node_modules/google-auth-library/build/src/inde
x.js [Client Component Browser]
    ./node_modules/firebase-admin/lib/app/credential-
internal.js [Client Component Browser]
    
./node_modules/firebase-admin/lib/app/lifecycle.js 
[Client Component Browser]
    ./node_modules/firebase-admin/lib/app/firebase-na
mespace.js [Client Component Browser]
    ./node_modules/firebase-admin/lib/default-namespa
ce.js [Client Component Browser]
    ./node_modules/firebase-admin/lib/index.js 
[Client Component Browser]
    ./lib/firebase-admin.ts [Client Component 
Browser]
    ./lib/data.ts [Client Component Browser]
    ./components/layout/SearchInput.tsx [Client 
Component Browser]
    ./components/layout/Header.tsx [Client Component 
Browser]
    ./components/layout/Header.tsx [Server Component]
    ./app/terms/page.tsx [Server Component]


    at <unknown> 
(https://nextjs.org/docs/messages/module-not-found)
    ... collapsed 5 duplicate lines matching above 1 
lines 5 times...
    at ./node_modules/ 
(google-cloud/storage/build/cjs/src/bucket.js:56:25)
    at <unknown> 
(https://nextjs.org/docs/messages/module-not-found)
    at ./node_modules/ 
(google-cloud/storage/build/cjs/src/crc32c.js:29:14)
    at <unknown> 
(https://nextjs.org/docs/messages/module-not-found)
    at ./node_modules/ 
(google-cloud/storage/build/cjs/src/file.js:62:25)
    at <unknown> 
(https://nextjs.org/docs/messages/module-not-found)
    at ./node_modules/ (google-cloud/storage/build/cj
s/src/transfer-manager.js:64:14)
    at <unknown> 
(https://nextjs.org/docs/messages/module-not-found)
    ... collapsed 19 duplicate lines matching above 
1 lines 19 times...
    at ./node_modules/ (firebase/database-compat/dist
/index.standalone.js:11:20)
    at <unknown> 
(https://nextjs.org/docs/messages/module-not-found)
    ... collapsed 4 duplicate lines matching above 1 
lines 4 times...
    at ./node_modules/ (firebase/database-compat/dist
/index.standalone.js:12:20)
    at <unknown> 
(https://nextjs.org/docs/messages/module-not-found)
    ... collapsed 3 duplicate lines matching above 1 
lines 3 times...
